
> plug---sales@0.0.0 build
> node node_modules/typescript/bin/tsc -b && node node_modules/vite/bin/vite.js build

src/pages/TemplateCreator.tsx(195,13): error TS2367: This comparison appears to be unintentional because the types '"TEXT" | "IMAGE" | "VIDEO"' and '"none"' have no overlap.
src/pages/TemplateCreator.tsx(594,23): error TS2367: This comparison appears to be unintentional because the types '"TEXT" | "IMAGE" | "VIDEO"' and '"none"' have no overlap.
src/pages/TemplateCreator.tsx(1176,54): error TS2367: This comparison appears to be unintentional because the types '"TEXT" | "IMAGE" | "VIDEO"' and '"none"' have no overlap.
src/pages/TemplateCreator.tsx(1384,66): error TS2367: This comparison appears to be unintentional because the types '"TEXT" | "IMAGE" | "VIDEO"' and '"none"' have no overlap.
