src/pages/TemplateCreator.tsx(359,21): error TS2304: Cannot find name 'currentOp'.
src/pages/TemplateCreator.tsx(361,54): error TS2304: Cannot find name 'currentOp'.
src/pages/TemplateCreator.tsx(361,72): error TS2304: Cannot find name 'totalOps'.
src/pages/TemplateCreator.tsx(366,25): error TS2304: Cannot find name 'totalSuccess'.
src/pages/TemplateCreator.tsx(400,25): error TS2304: Cannot find name 'lastError'.
src/pages/TemplateCreator.tsx(403,25): error TS2304: Cannot find name 'currentOp'.
src/pages/TemplateCreator.tsx(403,37): error TS2304: Cannot find name 'totalOps'.
src/pages/TemplateCreator.tsx(408,13): error TS2304: Cannot find name 'lastError'.
src/pages/TemplateCreator.tsx(411,17): error TS2304: Cannot find name 'totalSuccess'.
src/pages/TemplateCreator.tsx(412,28): error TS2304: Cannot find name 'totalSuccess'.
src/pages/TemplateCreator.tsx(414,24): error TS2304: Cannot find name 'lastError'.
src/pages/TemplateCreator.tsx(415,34): error TS2304: Cannot find name 'lastError'.
